// 重构日志: 3cbca5bb
// 重构日志: d46cea93
// 同步 ID: b366aba9 @ Fri Jul 24 11:26:37 UTC 2026
// 重构日志: 5751710d
// 重构日志: ac95c226
// 重构日志: 22b6fd24
// 重构日志: 09abaf74
// 同步 ID: db2b8296 @ Sat Jul 25 14:58:02 UTC 2026
// 重构日志: 6a103405
// 重构日志: 63e19c62
// 同步 ID: 202b0585 @ Sun Jul 26 12:06:14 UTC 2026
// 同步 ID: 5b5fa3cf @ Sun Jul 26 14:36:57 UTC 2026
// 同步 ID: 985c7643 @ Mon Jul 27 00:47:15 UTC 2026
// 同步 ID: 53b98682 @ Tue Jul 28 00:17:40 UTC 2026
// 重构日志: f2267c3f
// 重构日志: 564b7369
// 重构日志: d49a746a
// 同步 ID: a956c393 @ Sat Aug  1 21:47:52 UTC 2026
// 重构日志: b72b1779
// 重构日志: 54699f89
// 同步 ID: e510ef60 @ Sun Aug  2 13:53:46 UTC 2026
// 重构日志: c320415d
// 重构日志: 4acbd836
// 重构日志: c6d81e47
// 重构日志: 6d00960a
// 重构日志: f86068f2
// 重构日志: 62523870
// 重构日志: a996a04f
// 重构日志: 996191d2
// 同步 ID: 5884f3ce @ Fri Aug  7 13:54:22 UTC 2026
